---
source: src/snapshot.rs
expression: doc
---
{
  "openapi": "3.0.3",
  "info": {
    "title": "Some API description",
    "version": "1.33.7"
  },
  "paths": {
    "/waldo": {
      "get": {
        "summary": "Get Waldo",
        "responses": {
          "404": {
            "description": "Get Waldo",
            "content": {
              "application/json": {
                "schema": {
                  "properties": {
                    "waldo": {
                      "type": "string"
                    }
                  },
                  "type": "object"
                }
              }
            }
          }
        }
      }
    }
  }
}
